<html>
<body>
<pre>
<h1>礦ision Build Log</h1>
<h2>Project:</h2>
F:\CXM\LPC1768!\旺宝-Beemer宝马1768(06.03)\旺宝-Beemer宝马1768(06.03)\宝马1768V2.0\3.源代码-Example\1、基础例程-Basis\【19】宝马1768_CAN总线(2014.05.10)\CAN滤波\Project\Project.uvproj
Project File Date:  04/30/2014

<h2>Output:</h2>
Load "F:\\CXM\\LPC1768!\\旺宝-Beemer宝马1768(06.03)\\旺宝-Beemer宝马1768(06.03)\\宝马1768V2.0\\3.源代码-Example\\1、基础例程-Basis\\【19】宝马1768_CAN总线(2014.05.10)\\CAN滤波\\Project\\obj\\Project.AXF" 
_____^
*** error 56: cannot open file
Build target 'CAN(滤波)'
compiling core_cm3.c...
assembling startup_LPC17xx.s...
compiling system_LPC17xx.c...
compiling main.c...
..\App\main.c(41): warning:  #223-D: function "CAN_SetACCF" declared implicitly
compiling LPC17xx_it.c...
compiling CAN.c...
..\ExtiDrive\CAN\CAN.c(87): warning:  #177-D: variable "i" was declared but never referenced
..\ExtiDrive\CAN\CAN.c(88): warning:  #177-D: variable "address" was declared but never referenced
..\ExtiDrive\CAN\CAN.c(214): warning:  #177-D: variable "i" was declared but never referenced
compiling uart.c...
linking...
Program Size: Code=2124 RO-data=304 RW-data=56 ZI-data=672  
".\obj\Project.axf" - 0 Error(s), 4 Warning(s).
Load "F:\\CXM\\LPC1768!\\旺宝-Beemer宝马1768(06.03)\\旺宝-Beemer宝马1768(06.03)\\宝马1768V2.0\\3.源代码-Example\\1、基础例程-Basis\\【19】宝马1768_CAN总线(2014.05.10)\\CAN滤波\\Project\\obj\\Project.AXF" 
Set JLink Project File to "F:\CXM\LPC1768!\旺宝-Beemer宝马1768(06.03)\旺宝-Beemer宝马1768(06.03)\宝马1768V2.0\3.源代码-Example\1、基础例程-Basis\【19】宝马1768_CAN总线(2014.05.10)\CAN滤波\Project\JLinkSettings.ini"
* JLink Info: Device "LPC1768" selected (512 KB flash, 32 KB RAM).
 
JLink info:
------------
DLL: V4.54a, compiled Sep 17 2012 15:58:45
Firmware: J-Link ARM V8 compiled Nov 14 2012 22:34:52
Hardware: V8.00
Feature(s) : RDI,FlashDL,FlashBP,JFlash,GDBFULL 
 
* JLink Info: Found SWD-DP with ID 0x2BA01477
* JLink Info: TPIU fitted.
* JLink Info: ETM fitted.
* JLink Info: FPUnit: 6 code (BP) slots and 2 literal slots
* JLink Info: Found Cortex-M3 r2p0, Little endian.
ROMTableAddr = 0xE00FF003
 
Target info:
------------
Device: LPC1768
VTarget = 3.293V
State of Pins: 
TCK: 0, TDI: 1, TDO: 0, TMS: 1, TRES: 1, TRST: 1
Hardware-Breakpoints: 6
Software-Breakpoints: 8192
Watchpoints:          4
JTAG speed: 2000 kHz
 
Erase Done.
Programming Done.
Verify OK.
Application running ...
